// Jest Snapshot v1, https://goo.gl/fbAQLP

exports[`<GoogleFonts />: should render without issues 1`] = `
<link
  href="https://fonts.googleapis.com/css?family=Roboto:500,700|Roboto+Mono"
  rel="stylesheet"
/>
`;
