// Jest Snapshot v1, https://goo.gl/fbAQLP

exports[`Component: <Logotype /> should render without issues 1`] = `
<svg
  class="sc-bdVaJa krywSY"
  viewBox="0 0 11.78 14"
  xmlns="http://www.w3.org/2000/svg"
>
  <polygon
    class="fill-none"
    points="7.65 9.41 7.67 9.54 7.72 9.47 7.71 9.39 7.65 9.41"
  />
  <polygon
    class="fill-none"
    points="7.73 9.81 7.78 9.73 7.75 9.61 7.7 9.68 7.73 9.81"
  />
  <polygon
    class="fill-none"
    points="7.32 8.42 7.34 8.42 7.3 8.25 7.29 8.25 7.32 8.42"
  />
  <path
    class="fill-none"
    d="M7.2,8.34,6.81,10.7,7,10.5a4.82,4.82,0,0,0,.45-.81Z"
  />
  <polygon
    class="fill-none"
    points="7.33 8.53 7.36 8.69 7.39 8.68 7.36 8.54 7.35 8.54 7.36 8.52 7.33 8.53"
  />
  <polygon
    class="fill-none"
    points="9.05 10.02 8.98 10.04 8.98 10.19 9.06 10.16 9.05 10.02"
  />
  <polygon
    class="fill-none"
    points="7.46 9.35 7.52 9.33 7.49 9.15 7.43 9.16 7.46 9.35"
  />
  <polygon
    class="fill-none"
    points="7.47 9.05 7.41 8.79 7.37 8.79 7.41 9.06 7.47 9.05"
  />
  <polygon
    class="fill-none"
    points="8.78 8.61 8.87 8.2 8.63 8.59 8.78 8.61"
  />
  <path
    class="fill-none"
    d="M8,10.74h-.1l0,.11H8Z"
  />
  <polygon
    class="fill-none"
    points="7.16 10.41 7.1 10.49 7.28 10.54 7.33 10.46 7.16 10.41"
  />
  <polygon
    class="fill-none"
    points="8.88 8.11 8.89 8.07 8.87 8.11 8.88 8.11"
  />
  <path
    class="fill-none"
    d="M7.59,9.65l0-.09a1.16,1.16,0,0,0-.06.15v0Z"
  />
  <polygon
    class="fill-none"
    points="8.91 8.49 8.88 8.62 8.91 8.62 8.91 8.49"
  />
  <polygon
    class="fill-none"
    points="7.76 9.97 7.8 10.15 7.88 10.14 7.82 9.88 7.76 9.97"
  />
  <polygon
    class="fill-none"
    points="7.82 10.25 7.86 10.42 7.94 10.41 7.9 10.24 7.82 10.25"
  />
  <path
    class="fill-none"
    d="M7.88,10.52l0,.13H8l0-.13Z"
  />
  <path
    class="fill-none"
    d="M7.49,9.45h0v0Z"
  />
  <polygon
    class="fill-none"
    points="7.9 9.41 7.96 9.45 8.03 9.34 7.97 9.32 7.9 9.41"
  />
  <polygon
    class="fill-none"
    points="8.27 8.92 8.19 9.02 8.23 9.02 8.29 8.93 8.27 8.92"
  />
  <polygon
    class="fill-none"
    points="8.12 9.12 8.03 9.23 8.08 9.25 8.16 9.12 8.12 9.12"
  />
  <polygon
    class="fill-none"
    points="7.84 9.51 7.86 9.6 7.9 9.54 7.84 9.51"
  />
  <path
    class="fill-none"
    d="M7.65,8.58h0l0,.17a1,1,0,0,0,0-.16Z"
  />
  <polygon
    class="fill-none"
    points="7.68 10.1 7.63 10.18 7.7 10.17 7.68 10.1"
  />
  <polygon
    class="fill-none"
    points="8.4 8.73 8.33 8.83 8.35 8.83 8.41 8.73 8.4 8.73"
  />
  <polygon
    class="fill-none"
    points="7.65 9.95 7.62 9.79 7.54 9.9 7.57 10.08 7.65 9.95"
  />
  <path
    class="fill-none"
    d="M7.73,9l.08.34.41-.55v0h0l.1-.13-.54-.07A4,4,0,0,1,7.73,9Z"
  />
  <path
    class="fill-none"
    d="M7.52,8.77,7.57,9h0V9l-.06-.25Z"
  />
  <path
    class="fill-none"
    d="M7.66,9.29h0v0Z"
  />
  <polygon
    class="fill-none"
    points="7.47 8.55 7.5 8.67 7.54 8.66 7.51 8.56 7.47 8.55"
  />
  <polygon
    class="fill-none"
    points="7.37 10.12 7.47 10.17 7.45 10.02 7.37 10.12"
  />
  <polygon
    class="fill-none"
    points="7.31 10.2 7.22 10.32 7.38 10.37 7.45 10.27 7.31 10.2"
  />
  <polygon
    class="fill-none"
    points="7.26 8.06 7.27 8.14 7.28 8.14 7.26 8.06 7.26 8.06"
  />
  <polygon
    class="fill-none"
    points="7.31 7.67 7.3 7.71 7.36 7.97 7.38 7.97 7.31 7.67"
  />
  <path
    class="fill-none"
    d="M5.17,10.67s0,0,0,.05h0l1.13.35a1.43,1.43,0,0,1-.37-1l0-.08A14.42,14.42,0,0,1,4.31,8.79c0,.42.08.86.17.9h0a.74.74,0,0,0,.39.31H5l0,.06a.47.47,0,0,0,.2.58Z"
  />
  <path
    class="fill-none"
    d="M9.73,12.67a.21.21,0,0,1-.05.18s-.1.19-.42.31A.79.79,0,0,0,9.62,13c.06-.05.2-.21.17-.32s-.09-.1-.17-.12A.2.2,0,0,1,9.73,12.67Z"
  />
  <path
    class="fill-none"
    d="M1.78,12.7a1.47,1.47,0,0,0,.33.05.47.47,0,0,0,.38-.15.77.77,0,0,1-.45.13A1.09,1.09,0,0,1,1.78,12.7Z"
  />
  <path
    class="fill-none"
    d="M9.11,7.85l0,0,0,.11.09.74,1.38.17,0,0,.17-.41A1.85,1.85,0,0,0,9.2,7.75Z"
  />
  <path
    class="fill-none"
    d="M.92,13.41l.2,0h0a1.29,1.29,0,0,0,.57,0,1.87,1.87,0,0,1-.38,0Z"
  />
  <path
    class="fill-none"
    d="M10.92,7.83a3.16,3.16,0,0,0,0-2.87Z"
  />
  <path
    class="fill-none"
    d="M9.22,11.14v.12s.06,0,.08,0v-.07l0,0Z"
  />
  <path
    class="fill-none"
    d="M8.3,12.2l.22,0,.06-.35-.22,0Z"
  />
  <path
    class="fill-none"
    d="M8.69,11.79l-.06.34.18-.05h0l.08-.33Z"
  />
  <path
    class="fill-none"
    d="M4.14,13.86l.34,0a1.29,1.29,0,0,0,.68-.18,2,2,0,0,1-.83.16Z"
  />
  <path
    class="fill-none"
    d="M8,11.88,8,12.22h.24l.06-.35Z"
  />
  <path
    class="fill-none"
    d="M10.19,3.16l.14,0,.08.16.1.06,0,0h0a.36.36,0,0,1,.33-.17.85.85,0,0,1,.25,0h0L11,3.1h-.1l-.27.17-.1-.16,0-.11a1.43,1.43,0,0,0-.56-.1v.26Z"
  />
  <path
    class="fill-none"
    d="M6.65,2.64a.35.35,0,0,0,.23-.09h0a.92.92,0,0,1,.52,0,.38.38,0,0,0-.29-.12H7a.86.86,0,0,1-.68-.14l-.05.2A.51.51,0,0,0,6.65,2.64Z"
  />
  <path
    class="fill-none"
    d="M.75,13A1.88,1.88,0,0,1,.32,13,.68.68,0,0,0,.86,13h0a.51.51,0,0,0,.3-.12.35.35,0,0,1-.12.06A.81.81,0,0,1,.75,13Z"
  />
  <path
    class="fill-none"
    d="M6.54,7.32,6.8,7.2l0-.15A2.91,2.91,0,0,1,6.54,7.32Z"
  />
  <path
    class="fill-none"
    d="M1.3,12.78a1.52,1.52,0,0,0,.11-.16l0,0,0,0h0l-.11,0A.53.53,0,0,1,1.3,12.78Z"
  />
  <path
    class="fill-none"
    d="M7.5,12.21h.34l.06-.33H7.58Z"
  />
  <path
    class="fill-none"
    d="M8.12,10.73l.09.39.09-.4Z"
  />
  <polygon
    class="fill-none"
    points="9.22 11.03 9.29 11.01 9.28 10.94 9.21 10.95 9.22 11.03"
  />
  <path
    class="fill-none"
    d="M6.76,11l0,.18h0v0l.14,0h0L7,11.05Z"
  />
  <polygon
    class="fill-none"
    points="8.96 11.09 9.11 11.05 9.11 10.97 8.96 11 8.96 11.09"
  />
  <polygon
    class="fill-none"
    points="6.38 8.4 6.32 8.52 6.42 8.58 6.47 8.47 6.38 8.4"
  />
  <path
    class="fill-none"
    d="M7.52,8.1l.08.36h.08a1.51,1.51,0,0,0,0-.31l-.08.05,0-.1Z"
  />
  <polygon
    class="fill-none"
    points="6.94 7.91 6.98 7.65 6.95 7.65 6.84 7.9 6.94 7.91"
  />
  <path
    class="fill-none"
    d="M6.49,9.88l.06.15.37-2L6.79,8l-.5,1.14Z"
  />
  <polygon
    class="fill-none"
    points="6.34 8.77 6.38 8.67 6.26 8.62 6.21 8.72 6.34 8.77"
  />
  <polygon
    class="fill-none"
    points="7.41 8.22 7.44 8.4 7.47 8.39 7.43 8.22 7.41 8.22"
  />
  <path
    class="fill-none"
    d="M5.48,9.57l.15-.19-.14-.1.06-.08.14.1.14-.18.08.06A1.84,1.84,0,0,0,5.69,9l-.37.44Z"
  />
  <path
    class="fill-none"
    d="M5.22,11.62a8.17,8.17,0,0,0,2.17.58l.09-.32-2.35-.77c0,.32.06.38.07.38l0,0v0A.25.25,0,0,0,5.22,11.62Z"
  />
  <polygon
    class="fill-none"
    points="9.15 9.88 9.16 9.88 9.14 9.71 9.14 9.71 9.15 9.88"
  />
  <polygon
    class="fill-none"
    points="9.16 10.14 9.19 10.13 9.17 9.99 9.16 9.99 9.16 10.14"
  />
  <polygon
    class="fill-none"
    points="6.35 8.25 6.42 8.12 6.38 8.1 6.3 8.21 6.35 8.25"
  />
  <polygon
    class="fill-none"
    points="8.98 10.45 9.07 10.43 9.07 10.27 8.98 10.3 8.98 10.45"
  />
  <polygon
    class="fill-none"
    points="6.13 8.55 6.15 8.6 6.17 8.57 6.13 8.55"
  />
  <path
    class="fill-none"
    d="M3.55,8.18l.14,0a.8.8,0,0,1,.21-.51,1.52,1.52,0,0,1-.18-.3.7.7,0,0,1-.28.24A1.49,1.49,0,0,1,3.55,8.18Z"
  />
  <path
    class="fill-none"
    d="M3.16,9H3.11v.05l0,0a.15.15,0,0,1,0-.07Z"
  />
  <path
    class="fill-none"
    d="M3.58,9.46v0s.09,0,.11.06h0c-.07,0-.1-.06-.11-.11a.16.16,0,0,1,.08-.12l.13-.13a.1.1,0,0,0,0-.07A.16.16,0,0,0,3.77,9h0s0,0,0,.05a.12.12,0,0,1,0,.12l-.11.13c-.09.08-.09.11-.09.12Z"
  />
  <path
    class="fill-none"
    d="M4.3,8.65h0c.31.25.64.52.93.74L5.59,9a1.83,1.83,0,0,0-1-.19H4.49l0-.08a12.07,12.07,0,0,0,.37-2.08l-.71,2,.11.05Z"
  />
  <path
    class="fill-none"
    d="M2.35,10l-.17.17a4.37,4.37,0,0,1,2.17.43c.22.1.26.06.26.06s0,0,0-.08l-.11-.18a.64.64,0,0,1-.08-.54h0l0,0c-.18-.13-.21-.8-.22-1.06-.46-.23-.51-.38-.51-.41l-.17,0a.41.41,0,0,1,0,.08.75.75,0,0,1-.52.2,2.12,2.12,0,0,1-.52.94h0A.34.34,0,0,1,2.35,10Zm1.23-.69.11-.13H3.61v0s-.08,0-.09-.07,0-.06.05-.09h0l.21,0h0a.34.34,0,0,1,.14.15.16.16,0,0,1,0,.17l-.15.15,0,0,0,0L4,9.52l0,.11L4,9.65H3.84l-.17,0a.26.26,0,0,1-.17-.1.08.08,0,0,1,0-.07Q3.45,9.38,3.58,9.26Zm-.77,0,0,0a.29.29,0,0,0,.16,0h.13L3,9.09,3,9l.07-.08.33,0L3.45,9l-.08.07-.09,0h0s0,0,0,0l.09.19a.15.15,0,0,1,0,.17.23.23,0,0,1-.21.09h0c-.36,0-.4-.16-.41-.17v0Z"
  />
  <path
    class="fill-none"
    d="M2.6,12.11l.07,0h0a.72.72,0,0,0,.48-.26l.09-.1v.76h0c.58.12,1.12-.79,1.12-.8a.72.72,0,0,0,.15-.65,4.88,4.88,0,0,0-2.3-.57l-.17,0c-.16.11-.09.54,0,.76a5.51,5.51,0,0,1,2.36.39l0,.1a5.15,5.15,0,0,0-2.29-.38,1.36,1.36,0,0,0,.55.88Z"
  />
  <path
    class="fill-none"
    d="M4.75,8.65a1.72,1.72,0,0,1,1.51.78l-.17-.64,0,0,0,0L6,8.49l0,0,0,0L5,4.81a13.05,13.05,0,0,1-.37,3.84Z"
  />
  <path
    class="fill-none"
    d="M3.14,9.48a.17.17,0,0,0,.12,0s0,0,0-.06v0a.14.14,0,0,1-.13.06h0Z"
  />
  <path
    class="fill-none"
    d="M2,10.45H2l.2-.06a5,5,0,0,1,2.38.6h0a.76.76,0,0,1-.13.74l.31.14a.26.26,0,0,0,.19,0,.43.43,0,0,0,.12-.33c-.06-.05-.15-.19-.07-.58,0-.1,0-.17,0-.21a.61.61,0,0,1-.28-.67.75.75,0,0,1-.3-.2.56.56,0,0,0,.08.4l.11.18s.06.14,0,.2a.14.14,0,0,1-.11.05.72.72,0,0,1-.27-.08,4.24,4.24,0,0,0-2.18-.42h0s0,0,0-.05,0-.12.23-.32a.22.22,0,0,0,.09-.29,1.78,1.78,0,0,1-.66.39.69.69,0,0,1-.07.56h0a.42.42,0,0,0-.21.31c0,.16.2.28.21.29l.28.18C1.87,11.1,1.78,10.6,2,10.45Z"
  />
  <path
    class="fill-none"
    d="M8,3.27H8L7.84,6.91A1.52,1.52,0,0,1,8.66,7a.9.9,0,0,1,.44.5A4.49,4.49,0,0,0,9,3H9l0,0L8,3.2Z"
  />
  <path
    class="fill-none"
    d="M9.16,7.64a3.19,3.19,0,0,0,.33-3.72A4.42,4.42,0,0,1,9.16,7.64Z"
  />
  <polygon
    class="fill-none"
    points="6.36 7.94 5.95 7.89 6.07 8.33 6.36 7.94"
  />
  <path
    class="fill-none"
    d="M7.66,3.29l-.72.17a4.2,4.2,0,0,1,.42,1.69Z"
  />
  <polygon
    class="fill-none"
    points="7.38 8.08 7.38 8.12 7.41 8.12 7.4 8.08 7.38 8.08"
  />
  <polygon
    class="fill-none"
    points="6.51 7.96 6.48 7.96 6.44 8.01 6.47 8.03 6.51 7.96"
  />
  <polygon
    class="fill-none"
    points="6.63 7.76 6.56 7.86 6.57 7.86 6.63 7.76"
  />
  <path
    class="fill-none"
    d="M3.16,13l-.23,0Z"
  />
  <path
    class="fill-none"
    d="M9.39,11l.17-.13-.19-.06Z"
  />
  <path
    class="fill-none"
    d="M10.6,8.93,9.14,8.76l.22,1.92A1.67,1.67,0,0,1,10,11a.82.82,0,0,1,.28.38,1.69,1.69,0,0,0,.29-.41A2.93,2.93,0,0,0,10.6,8.93Z"
  />
  <path
    class="fill-none"
    d="M8,11.62a1.83,1.83,0,0,1-.33,0l-.06.21a7.22,7.22,0,0,0,1.3-.16h0a1.23,1.23,0,0,0,.43-.19v-.11A4.13,4.13,0,0,1,8,11.62Z"
  />
  <path
    class="fill-none"
    d="M8.92,12,9.06,12l0,0h0l.16-.34a1.69,1.69,0,0,1-.27.1Z"
  />
  <path
    class="fill-none"
    d="M3.17,12a.76.76,0,0,1-.46.21v.59h.44Z"
  />
  <path
    class="fill-none"
    d="M9.08,12.08c-1.37.69-3.57-.22-3.88-.35a.37.37,0,0,1-.15.25.31.31,0,0,1-.13,0,.41.41,0,0,1-.16,0l-.32-.14c-.11.18-.5.73-1,.79a2.44,2.44,0,0,0,.6.22l.13,0h.37A2.81,2.81,0,0,0,6,12.52H6a2.64,2.64,0,0,0,.93.21,1,1,0,0,0,.64-.19l0,0,0,0a2.65,2.65,0,0,0,1,.27.85.85,0,0,0,.65-.24h0l0,0h0A.55.55,0,0,0,9.08,12.08Z"
  />
  <path
    class="fill-none"
    d="M10.63,11a1.28,1.28,0,0,1-.15.25.84.84,0,0,1,.59.29l0,.1a4,4,0,0,0,.43-1l-.73-.19A1.93,1.93,0,0,1,10.63,11Z"
  />
  <path
    class="fill-none"
    d="M11,11.56c-.05-.08-.19-.19-.55-.25h0a1.92,1.92,0,0,1-.72.55L11,11.69A.21.21,0,0,0,11,11.56Z"
  />
  <path
    class="fill-none"
    d="M3.26,12.86h.51a2.69,2.69,0,0,1-.51-.22Z"
  />
  <path
    class="fill-none"
    d="M4.59,13h0a2.17,2.17,0,0,0,.62-.1,3.41,3.41,0,0,1-.61,0Z"
  />
  <polygon
    class="fill-none"
    points="8.99 9.63 9.03 9.63 9 9.18 8.99 9.63"
  />
  <path
    class="fill-none"
    d="M6.54,12.8a2.81,2.81,0,0,1-.5-.15A1.39,1.39,0,0,0,6.54,12.8Z"
  />
  <path
    class="fill-none"
    d="M8.34,12.9h.05l-.15,0Z"
  />
  <path
    class="fill-none"
    d="M7.51,12.71l.07,0h0l.26.08-.27-.11Z"
  />
  <path
    class="fill-none"
    d="M9.34,12.68l-.07.05Z"
  />
  <path
    class="fill-none"
    d="M7.18,6.32c0,.11-.1.23-.16.34l.11,0Z"
  />
  <polygon
    class="fill-none"
    points="8.99 9.93 9.04 9.91 9.03 9.73 8.99 9.74 8.99 9.93"
  />
  <path
    class="fill-none"
    d="M8.56,8.69,7.9,9.75l.2.88.22,0,.43-1.9Z"
  />
  <path
    class="fill-none"
    d="M9,10.62h.12v-.1l-.11,0Z"
  />
  <path
    class="fill-none"
    d="M8.87,10.61l0-1.88H8.86l-.43,1.89Z"
  />
  <polygon
    class="fill-none"
    points="8.97 10.8 8.97 10.89 9.1 10.86 9.09 10.77 8.97 10.8"
  />
  <path
    class="fill-none"
    d="M7.43,6.72,7.5,7l.23,0,.13-2.82Z"
  />
  <path
    class="fill-none"
    d="M9,7.76a3.71,3.71,0,0,0-1.22.35l0,0,.06,0a1.48,1.48,0,0,1,0,.37l.61.07.46-.62.06,0V7.92h0V7.81H9v0Z"
  />
  <path
    class="fill-none"
    d="M8.61,7.13A.81.81,0,0,0,8.36,7l0,0-.54.88A3.59,3.59,0,0,1,9,7.65.81.81,0,0,0,8.61,7.13Z"
  />
  <path
    class="fill-none"
    d="M7.53,7.08l.16.58H7.41L7.49,8l.19,0v0l.62-1A1.9,1.9,0,0,0,7.53,7.08Z"
  />
  <path
    class="fill-none"
    d="M7,10.58,7,10.7l.2,0,.07-.1Z"
  />
  <path
    class="fill-none"
    d="M7.5,10.38l-.22.36.27,0Z"
  />
  <polygon
    class="fill-none"
    points="6.88 10.79 6.8 10.89 7.02 10.96 7.09 10.84 6.88 10.79"
  />
  <polygon
    class="fill-none"
    points="7.75 10.43 7.72 10.27 7.6 10.29 7.62 10.45 7.75 10.43"
  />
  <polygon
    class="fill-none"
    points="8.06 10.95 7.97 10.96 7.99 11.07 8.09 11.07 8.06 10.95"
  />
  <polygon
    class="fill-none"
    points="7.86 10.98 7.71 11 7.72 11.1 7.88 11.08 7.86 10.98"
  />
  <path
    class="fill-none"
    d="M7.8,10.66l0-.12-.13,0,0,.12Z"
  />
  <path
    class="fill-none"
    d="M7.84,10.87l0-.1-.15,0,0,.1Z"
  />
  <path
    class="fill-none"
    d="M5.78,9.36,6,9.48,6,9.31l-.13-.13Z"
  />
  <path
    class="fill-none"
    d="M7.26,10.86v-.07L7,11.25l.69.22h0l-.1-.67Z"
  />
  <polygon
    class="fill-none"
    points="6.73 7.88 6.86 7.58 6.86 7.57 6.68 7.88 6.73 7.88"
  />
  <path
    class="fill-none"
    d="M8.88,11.37h0v-.65H8.41l-.12.52a0,0,0,0,1,0,0h0l0,0-.06,0,0-.09H8l0,.13-.11,0,0-.14H7.74l0,.29h0A2.76,2.76,0,0,0,8.88,11.37Z"
  />
  <polygon
    class="fill-none"
    points="9.17 10.24 9.18 10.4 9.22 10.39 9.2 10.24 9.17 10.24"
  />
  <polygon
    class="fill-none"
    points="9.19 10.51 9.19 10.64 9.25 10.63 9.23 10.5 9.19 10.51"
  />
  <path
    class="fill-none"
    d="M9.12,11.16,9,11.2v.15l.17,0Z"
  />
  <path
    class="fill-none"
    d="M5.71,9.44l-.14.2.2.14.12-.21Z"
  />
  <path
    class="fill-none"
    d="M9.21,10.84h.06v-.06H9.2Z"
  />
  <path
    class="fill-none"
    d="M5.21,10.83h0s0,.09,0,.17h0l2.36.78.06-.22-2.36-.73Z"
  />
  <polygon
    class="fill-none"
    points="6.52 8.37 6.58 8.22 6.51 8.18 6.44 8.31 6.52 8.37"
  />
  <polygon
    class="fill-none"
    points="6.22 8.47 6.3 8.34 6.23 8.3 6.13 8.43 6.22 8.47"
  />
  <polygon
    class="fill-none"
    points="6.63 8.12 6.68 7.99 6.63 7.98 6.57 8.09 6.63 8.12"
  />
  <path
    class="fill-none"
    d="M5.86,9.84A.31.31,0,0,0,6,9.9H6v0l.06.13h0a1.28,1.28,0,0,0,.29.88l.12-.65-.11-.39a2,2,0,0,0-.28-.51Z"
  />
  <polygon
    class="fill-none"
    points="6.3 8.86 6.21 8.83 6.25 8.97 6.3 8.86"
  />
  <path
    d="M6.45,13.72a1.43,1.43,0,0,1-1-.31l0,0,0,0a1.51,1.51,0,0,1-1.08.35,3.73,3.73,0,0,1-.82-.1l0,.09a2.34,2.34,0,0,0,1,.25,1.26,1.26,0,0,0,1-.39,1.52,1.52,0,0,0,.85.3,1,1,0,0,0,.44-.1l0-.1Zm-2,.17-.34,0h.19a2,2,0,0,0,.83-.16A1.29,1.29,0,0,1,4.48,13.89Z"
  />
  <path
    d="M3.14,9.58h0a.23.23,0,0,0,.21-.09.15.15,0,0,0,0-.17l-.09-.19s0,0,0,0h0l.09,0L3.45,9l-.06-.12-.33,0L3,9l0,.11.11.25H3a.29.29,0,0,1-.16,0l0,0-.09.07v0S2.78,9.58,3.14,9.58Zm0-.48,0,0V9h0A.15.15,0,0,0,3.14,9.1Zm0,.36h0a.14.14,0,0,0,.13-.06v0s0,0,0,.06a.17.17,0,0,1-.12,0h0Z"
  />
  <path
    d="M3.67,9.64l.17,0H4l.06,0,0-.11-.22-.08,0,0,0,0,.15-.15a.16.16,0,0,0,0-.17.34.34,0,0,0-.14-.15h0L3.57,9h0s-.06.06-.05.09.07.06.09.07v0h.08l-.11.13q-.13.12-.12.21a.08.08,0,0,0,0,.07A.26.26,0,0,0,3.67,9.64Zm0-.3.11-.13a.12.12,0,0,0,0-.12s0,0,0-.05h0a.16.16,0,0,1,.07.07.1.1,0,0,1,0,.07l-.13.13a.16.16,0,0,0-.08.12c0,.05,0,.08.11.11h0s-.09,0-.11-.06v0h0S3.56,9.42,3.65,9.34Z"
  />
  <path
    d="M10.83,10.3a2.11,2.11,0,0,0,0-.25l.84-.71a.05.05,0,0,0,0-.08.06.06,0,0,0-.08,0l-.76.65a3.47,3.47,0,0,0-.14-1h.12l0-.1-.28,0,.17-.42c.06-.09,1.29-2.11.14-3.67l-.06,0h0V8.06c-.05.1-.1.18-.12.23a2,2,0,0,0-1.41-.64A3,3,0,0,0,9.9,4.7l1.15,0V4.61l-1.17,0v0a3.73,3.73,0,0,0-.14-.4h0l.07-1h.44l.07.14.12.08.09,0,.11,0v0a.24.24,0,0,1,.24-.12.7.7,0,0,1,.23,0h.36L11,3h-.17l-.2.12,0-.06-.07-.14h0a1.53,1.53,0,0,0-.69-.12H9.78v0h0L9.66,4A5.66,5.66,0,0,0,9,3l.17,0,0-.11-1,.25.27-.6H8.18L8.49.69l0,0L8.6.6l.11,0a1.08,1.08,0,0,1,.52.18l.33.16.11,0,.06,0,.12-.2c.05,0,.19-.06.28.1s.11.16.37.16l.16,0,.19,0,0,0h0l-1-.44L9.74.4h0A.54.54,0,0,1,9.46.5H9.4A.24.24,0,0,1,9.26.37h0l-.05,0h0A1.14,1.14,0,0,0,8.67.23H8.56V0H8.42L7.83,2.49l-.2.06.06.52,0,.1-1.11.27,0,.1.26-.06a3.6,3.6,0,0,1,0,3.23l-.14,0,0,.14a3,3,0,0,1-.55.59l.07.08,0,0h0l.5-.23h0l-.38.52-.52-.07L5.41,5.88l1.11.18,0-.11L5.38,5.77h0v0L5.79,4.1l.78.05V4L5.82,4l.4-1.59,0,.11,0,0a.6.6,0,0,0,.43.22.42.42,0,0,0,.29-.11.81.81,0,0,1,.25,0,.38.38,0,0,1,.31.11l.09,0a.44.44,0,0,0-.46-.36H6.86c-.36,0-.48-.18-.48-.19L6.32,2l0-.19-.1,0L5.71,4,5.12,4v.11l.57,0L5.32,5.54,4.86,3.85c0-.1-.05-.19-.08-.28l-.1,0,.07.27a7.25,7.25,0,0,1,.18,1.86l-.56-.11,0,.11.57.11v0c0,.16,0,.32,0,.48h0L4.07,8.53c-.25-.15-.28-.23-.28-.24v0c0-.12,0-.45.22-.51l.07,0L4,7.67a1.54,1.54,0,0,1-.25-.43l-.08-.19,0,.2s0,.16-.32.31l-.05,0,0,0a1.25,1.25,0,0,1,.12.58l0,.06h0a.06.06,0,0,1,0,0s-.13.12-.46.15h0v0A1.91,1.91,0,0,1,1.61,9.89h0a.65.65,0,0,1,0,.55.45.45,0,0,0-.24.39c0,.22.24.37.25.38l.37.23a1.48,1.48,0,0,0,.61.94.69.69,0,0,1-.52.24,1.34,1.34,0,0,1-.66-.22l-.08-.05v.09a.41.41,0,0,1-.28.4.68.68,0,0,1-.27.05,2.29,2.29,0,0,1-.6-.11l-.15,0,.09.13a.65.65,0,0,0,.56.28,1.25,1.25,0,0,0,.23,0,.84.84,0,0,0,.6-.41,1.77,1.77,0,0,0,.63.15.52.52,0,0,0,.49-.25v.25a4.47,4.47,0,0,0-.85.43,1.9,1.9,0,0,1-.4,0c-.24,0-.47,0-.47,0h0l0,0a.12.12,0,0,0,0,.12c0,.05.07.1.32.1h.29c.39,0,.52-.13.55-.17A2.9,2.9,0,0,1,2.78,13a1.79,1.79,0,0,0,.48,0c.39,0,.85,0,.93,0a1.6,1.6,0,0,0,.39.05,3.52,3.52,0,0,0,1.36-.36,1.81,1.81,0,0,0,.85.2,2.58,2.58,0,0,0,.81-.13l.72.21h0c.65,0,1-.12,1.12-.31a.29.29,0,0,0,0-.09c.06,0,.14.05.16.1a.16.16,0,0,1,0,.08v0s-.13.33-1.17.4v.11h.25a1.74,1.74,0,0,0,1-.25s.26-.24.2-.43-.13-.17-.3-.21h0l-.14.06,0,0A.66.66,0,0,0,9.17,12h0l.24-.51h0l0-.39.26-.21A1,1,0,0,1,9.9,11a.7.7,0,0,1,.27.39,2.19,2.19,0,0,1-.81.45.06.06,0,0,0,0,.07.07.07,0,0,0,.05,0h0v0L11,11.8l0,.09.14-.11a2.7,2.7,0,0,0,.56-1.16l.12,0,0-.1ZM10.92,5a3.16,3.16,0,0,1,0,2.87Zm-.46-2,0,.11.1.16.27-.17H11l.22.19h0a.85.85,0,0,0-.25,0,.36.36,0,0,0-.33.17h0l0,0-.1-.06-.08-.16-.14,0H9.91V2.9A1.43,1.43,0,0,1,10.46,3ZM8.71.31a1.64,1.64,0,0,1,.51.1.35.35,0,0,0,.3.16.69.69,0,0,0,.3-.08l.81.36h-.07c-.24,0-.29-.12-.29-.13h0A1.12,1.12,0,0,0,9.94.59h0a.13.13,0,0,0-.1,0,.11.11,0,0,0,0,.05L9.7.82H9.64a.34.34,0,0,0-.1,0A1.33,1.33,0,0,1,9.23.63.82.82,0,0,0,8.81.5a.48.48,0,0,0-.25.06l0-.25Zm-2.17,7a2.91,2.91,0,0,0,.24-.27l0,.15Zm-.18-5A.86.86,0,0,0,7,2.42h.09a.38.38,0,0,1,.29.12.92.92,0,0,0-.52,0h0a.35.35,0,0,1-.23.09.51.51,0,0,1-.34-.16ZM.87,13h0A.68.68,0,0,1,.32,13,1.88,1.88,0,0,0,.75,13a.81.81,0,0,0,.3-.05.35.35,0,0,0,.12-.06A.51.51,0,0,1,.87,13Zm.61-.42,0,0,0,0a1.52,1.52,0,0,1-.11.16.53.53,0,0,0,.09-.23l.11,0Zm.63.16a1.47,1.47,0,0,1-.33-.05,1.09,1.09,0,0,0,.26,0,.77.77,0,0,0,.45-.13A.47.47,0,0,1,2.11,12.75Zm-.95.68h0l-.2,0,.43,0a1.87,1.87,0,0,0,.38,0A1.29,1.29,0,0,1,1.16,13.43Zm8.63-.75c0,.11-.11.27-.17.32a.79.79,0,0,1-.36.16c.32-.12.41-.27.42-.31a.21.21,0,0,0,.05-.18.2.2,0,0,0-.11-.11C9.7,12.58,9.77,12.61,9.79,12.68Zm.85-4.29-.17.41,0,0L9.13,8.65,9,7.91l0-.11,0,0,.09-.1A1.85,1.85,0,0,1,10.64,8.39ZM8.93,7.92h0V8l-.06,0-.46.62-.61-.07a1.48,1.48,0,0,0,0-.37l-.06,0,0,0A3.71,3.71,0,0,1,9,7.76v0h0ZM7.74,11.2H7.9l0,.14.11,0,0-.13h.1l0,.09.06,0,0,0h0a0,0,0,0,0,0,0l.12-.52h.45v.65h0a2.76,2.76,0,0,1-1.11.13h0Zm-2.54.29s-.11-.06-.07-.38l2.35.77-.09.32a8.17,8.17,0,0,1-2.17-.58.25.25,0,0,1,0-.08v0ZM4.89,10a.74.74,0,0,1-.39-.31h0c-.09,0-.15-.48-.17-.9A14.42,14.42,0,0,0,5.94,10l0,.08a1.43,1.43,0,0,0,.37,1l-1.13-.35h0s0-.05,0-.05h0a.47.47,0,0,1-.2-.58L5,10ZM6.13,8.43l.1-.13.07,0-.08.13Zm0,.14,0,0,0,0Zm.09,0,.12.06,0,.1-.13,0Zm0,.25,0,.12,0-.15ZM6.79,8l.13,0-.37,2-.06-.15-.2-.74Zm.74-.92a1.9,1.9,0,0,1,.76,0l-.62,1V8L7.49,8l-.08-.34h.28Zm.83,0A.87.87,0,0,1,9,7.65a3.59,3.59,0,0,0-1.17.29l.54-.88ZM9,10.89V10.8l.12,0v.09Zm.14.08v.08l-.15,0V11ZM9,10.62v-.06l.11,0v.1Zm0-.17V10.3l.09,0v.16Zm0-.26V10l.07,0v.14Zm0-.26V9.74H9v.18Zm0-.3V9.18l0,.45Zm-.43-.94.19,0-.43,1.9-.22,0-.2-.88Zm-.23.14.07-.1h0l-.06.1Zm.29-.24.25-.39-.09.41ZM8.3,10.72l-.09.4-.09-.39ZM7.9,9.54l0,.06,0-.09Zm0-.12L8,9.32l.06,0L8,9.45Zm0,.72H7.8l0-.18.06-.09Zm0,.1,0,.17H7.85l0-.17Zm.06.27,0,.13H7.9l0-.13Zm.06.23,0,.11h-.1l0-.11Zm0,.21,0,.12H8L8,11ZM8,9.23l.09-.11h.05l-.09.13ZM8.19,9l.08-.1h0L8.23,9Zm0-.23h0v0l-.41.55L7.73,9a4,4,0,0,0,.06-.43l.54.07Zm-.48.82,0,.12,0,.08,0-.14ZM7.57,9l-.05-.26h0L7.62,9V9Zm0,.62-.07.1v0a1.16,1.16,0,0,1,.06-.15Zm-.09-1,0-.11h0l0,.1Zm0,.48,0,.18-.06,0,0-.19Zm0,.3v0Zm0,.93,0,.32-.27,0Zm0-.48.08-.11,0,.16-.08.13Zm.14-1.32a1,1,0,0,1,0,.16l0-.17h0Zm0,.71h0v0Zm0,.81v.07H7.63Zm0,.17,0,.16-.13,0,0-.16Zm0-.74,0-.12.06,0v.08ZM7.6,8.46,7.52,8.1h.11l0,.1.08-.05a1.51,1.51,0,0,1,0,.31Zm-.16-.24,0,.17h0l0-.18Zm-.05-.1v0h0v0Zm0-.15,0-.26v0l.07.3Zm0,.28,0,.17h0l0-.17Zm0,.27v0h0l0,.14h0l0-.16Zm.06.27.06.26H7.41l0-.27Zm0,1.23,0,.15-.1-.05Zm0,.25-.07.1-.15,0,.08-.12Zm-.12.19,0,.08-.18,0,.06-.08Zm-.11.18-.07.1-.2,0L7,10.58Zm-.13.2L7,11l-.22-.07.08-.1Zm-.21.39-.14,0v0h0l0-.18.2.06-.11.17ZM6.39,9.91l.11.39L6.38,11a1.28,1.28,0,0,1-.29-.88h0L6,9.93v0H6a.31.31,0,0,1-.12-.06l.25-.44A2,2,0,0,1,6.39,9.91Zm-.62-.13-.2-.14.14-.2.18.13ZM6,9.48l-.17-.12.13-.18L6,9.31Zm-.12-.36-.14.18-.14-.1-.06.08.14.1-.15.19-.16-.12L5.69,9a1.84,1.84,0,0,1,.22.17ZM5.15,11h0c0-.08,0-.14,0-.17h0l2.36.73-.06.22Zm2.43.9H7.9l-.06.33H7.5ZM7,11.25l.29-.46v.07l.31-.06.1.67h0Zm.7-.57,0-.12.13,0,0,.12Zm.16.09,0,.1-.15,0,0-.1Zm0,.21,0,.1-.16,0,0-.1Zm1-.37H8.43l.43-1.89h.05Zm0-2,0-.13v.13Zm0-.52,0,0v0ZM9,11.2l.16,0v.14l-.17,0Zm.2-3.56a4.42,4.42,0,0,0,.33-3.72A3.19,3.19,0,0,1,9.16,7.64ZM8,3.2,8.93,3,9,3H9A4.49,4.49,0,0,1,9.1,7.53.9.9,0,0,0,8.66,7a1.52,1.52,0,0,0-.82-.12L8,3.27H8Zm-.14.91L7.73,6.93,7.5,7l-.07-.25Zm-.92-.65.72-.17-.3,1.86A4.2,4.2,0,0,0,6.94,3.46Zm.34,4.68h0V8.06h0ZM7.4,9.69A4.82,4.82,0,0,1,7,10.5l-.14.2L7.2,8.34ZM7.18,6.32l0,.31L7,6.66C7.08,6.55,7.13,6.43,7.18,6.32ZM7,7.65H7l0,.26h-.1Zm-.09-.08h0l-.13.3H6.68ZM6.68,8l-.06.13,0,0L6.63,8Zm0-.23-.06.1h0ZM6.48,8h0l0,.07,0,0Zm0,.22.07,0-.06.15-.08-.06Zm0,.29,0,.11-.1-.06.06-.11Zm0-.35-.07.13,0,0,.08-.11Zm-.06-.18-.29.39L6,7.89ZM5,4.81,6,8.44l0,0,0,0,.06.24,0,0,0,0,.17.64a1.72,1.72,0,0,0-1.51-.78H4.64A13.05,13.05,0,0,0,5,4.81Zm-.13,1.8a12.07,12.07,0,0,1-.37,2.08l0,.08h.08a1.83,1.83,0,0,1,1,.19l-.35.44c-.29-.22-.62-.49-.93-.74h0l-.11-.05Zm-1.44,1a.7.7,0,0,0,.28-.24,1.52,1.52,0,0,0,.18.3.8.8,0,0,0-.21.51l-.14,0A1.49,1.49,0,0,0,3.44,7.63Zm-1,1.86h0A2.12,2.12,0,0,0,3,8.56a.75.75,0,0,0,.52-.2.41.41,0,0,0,0-.08l.17,0s.05.18.51.41c0,.26,0,.93.22,1.06l0,0h0a.64.64,0,0,0,.08.54l.11.18s0,.07,0,.08,0,0-.26-.06a4.37,4.37,0,0,0-2.17-.43L2.35,10A.34.34,0,0,0,2.46,9.49Zm-.54,1.82-.28-.18s-.2-.13-.21-.29a.42.42,0,0,1,.21-.31h0A.69.69,0,0,0,1.72,10a1.78,1.78,0,0,0,.66-.39.22.22,0,0,1-.09.29c-.23.2-.24.27-.23.32s0,.05,0,.05h0a4.24,4.24,0,0,1,2.18.42.72.72,0,0,0,.27.08.14.14,0,0,0,.11-.05c.07-.06,0-.18,0-.2l-.11-.18a.56.56,0,0,1-.08-.4.75.75,0,0,0,.3.2.61.61,0,0,0,.28.67s0,.11,0,.21c-.08.39,0,.53.07.58a.43.43,0,0,1-.12.33.26.26,0,0,1-.19,0l-.31-.14A.76.76,0,0,0,4.63,11h0a5,5,0,0,0-2.38-.6l-.2.06H2C1.78,10.6,1.87,11.1,1.92,11.31Zm1,1.64.23,0Zm.22-.11H2.71v-.59A.76.76,0,0,0,3.17,12Zm-.44-.71h0l-.07,0v.18a1.36,1.36,0,0,1-.55-.88,5.15,5.15,0,0,1,2.29.38l0-.1A5.51,5.51,0,0,0,2,11.3c0-.22-.12-.65,0-.76l.17,0a4.88,4.88,0,0,1,2.3.57.72.72,0,0,1-.15.65s-.54.92-1.12.8h0v-.76l-.09.1A.72.72,0,0,1,2.71,12.13Zm.83.74H3.26v-.22a2.69,2.69,0,0,0,.51.22Zm1,.11h0v0a3.41,3.41,0,0,0,.61,0A2.17,2.17,0,0,1,4.58,13ZM6,12.65a2.81,2.81,0,0,0,.5.15A1.39,1.39,0,0,1,6,12.65Zm1.57,0h0l-.07,0,.09-.06.27.11Zm.73.22-.1,0,.15,0Zm.93-.17.07-.05Zm0-.18h0l0,0h0a.85.85,0,0,1-.65.24,2.65,2.65,0,0,1-1-.27l0,0,0,0a1,1,0,0,1-.64.19A2.64,2.64,0,0,1,6,12.52H6a2.81,2.81,0,0,1-1.38.3H4.2l-.13,0a2.44,2.44,0,0,1-.6-.22c.47-.06.86-.61,1-.79l.32.14a.41.41,0,0,0,.16,0,.31.31,0,0,0,.13,0,.37.37,0,0,0,.15-.25c.31.13,2.51,1,3.88.35A.55.55,0,0,1,9.31,12.55Zm-1.12-.34H8L8,11.88l.24,0-.06.35Zm.11,0,.06-.35.22,0-.06.35Zm.51-.12-.18.05.06-.34.19,0-.08.33ZM9.1,12h0l0,0L8.92,12,9,11.72a1.69,1.69,0,0,0,.27-.1Zm-.19-.32h0a7.22,7.22,0,0,1-1.3.16l.06-.21a1.83,1.83,0,0,0,.33,0,4.13,4.13,0,0,0,1.33-.28v.11A1.23,1.23,0,0,1,8.91,11.64ZM9.22,11V11h.07V11Zm.09.13v.07s-.05,0-.08,0v-.12l.06,0Zm-.1-.32v-.08h.06v.06Zm0-.2v-.13h0l0,.13Zm0-.24v-.15h0l0,.15Zm0-.26V10h0l0,.14Zm0-.26V9.71h0l0,.17ZM9.39,11l0-.19.19.06ZM10,11a1.67,1.67,0,0,0-.61-.27L9.14,8.76l1.46.17a2.93,2.93,0,0,1-.06,2,1.69,1.69,0,0,1-.29.41A.82.82,0,0,0,10,11Zm1,.74-1.31.16a1.92,1.92,0,0,0,.72-.55h0c.36.06.5.17.55.25A.21.21,0,0,1,11,11.69Zm.1-.08,0-.1a.84.84,0,0,0-.59-.29,1.28,1.28,0,0,0,.15-.25,1.93,1.93,0,0,0,.18-.56l.73.19A4,4,0,0,1,11.11,11.61Z"
  />
</svg>
`;
